This is XeTeX, Version 3.141592653-2.6-0.999997 (TeX Live 2025) (preloaded format=xelatex 2025.9.18)  13 JUN 2026 23:55
entering extended mode
 restricted \write18 enabled.
 %&-line parsing enabled.
**.\risc-v.tex
(./risc-v.tex
LaTeX2e <2024-11-01> patch level 2
L3 programming layer <2025-01-18>
(c:/texlive/2025/texmf-dist/tex/latex/standalone/standalone.cls
Document Class: standalone 2025/02/22 v1.5a Class to compile TeX sub-files stan
dalone
(c:/texlive/2025/texmf-dist/tex/latex/tools/shellesc.sty
Package: shellesc 2023/07/08 v1.0d unified shell escape interface for LaTeX
Package shellesc Info: Restricted shell escape enabled on input line 77.
)
(c:/texlive/2025/texmf-dist/tex/generic/iftex/ifluatex.sty
Package: ifluatex 2019/10/25 v1.5 ifluatex legacy package. Use iftex instead.

(c:/texlive/2025/texmf-dist/tex/generic/iftex/iftex.sty
Package: iftex 2024/12/12 v1.0g TeX engine tests
))
(c:/texlive/2025/texmf-dist/tex/latex/xkeyval/xkeyval.sty
Package: xkeyval 2022/06/16 v2.9 package option processing (HA)

(c:/texlive/2025/texmf-dist/tex/generic/xkeyval/xkeyval.tex
(c:/texlive/2025/texmf-dist/tex/generic/xkeyval/xkvutils.tex
\XKV@toks=\toks17
\XKV@tempa@toks=\toks18

(c:/texlive/2025/texmf-dist/tex/generic/xkeyval/keyval.tex))
\XKV@depth=\count192
File: xkeyval.tex 2014/12/03 v2.7a key=value parser (HA)
))
\sa@internal=\count193
\c@sapage=\count194

(c:/texlive/2025/texmf-dist/tex/latex/standalone/standalone.cfg
File: standalone.cfg 2025/02/22 v1.5a Default configuration file for 'standalon
e' class
)
(c:/texlive/2025/texmf-dist/tex/latex/base/article.cls
Document Class: article 2024/06/29 v1.4n Standard LaTeX document class
(c:/texlive/2025/texmf-dist/tex/latex/base/size10.clo
File: size10.clo 2024/06/29 v1.4n Standard LaTeX file (size option)
)
\c@part=\count195
\c@section=\count196
\c@subsection=\count197
\c@subsubsection=\count198
\c@paragraph=\count199
\c@subparagraph=\count266
\c@figure=\count267
\c@table=\count268
\abovecaptionskip=\skip49
\belowcaptionskip=\skip50
\bibindent=\dimen141
)
\sa@box=\box52
)
(c:/texlive/2025/texmf-dist/tex/latex/bytefield/bytefield.sty
Package: bytefield 2025/01/25 v2.9 Network protocol diagrams

(c:/texlive/2025/texmf-dist/tex/latex/tools/calc.sty
Package: calc 2023/07/08 v4.3 Infix arithmetic (KKT,FJ)
\calc@Acount=\count269
\calc@Bcount=\count270
\calc@Adimen=\dimen142
\calc@Bdimen=\dimen143
\calc@Askip=\skip51
\calc@Bskip=\skip52
LaTeX Info: Redefining \setlength on input line 80.
LaTeX Info: Redefining \addtolength on input line 81.
\calc@Ccount=\count271
\calc@Cskip=\skip53
)
\bytefield@height=\skip54
\bytefield@height@increment=\skip55
\entire@bytefield@picture=\box53
\bf@bitwidth=\skip56
\bf@bitheight=\skip57
\units@wide=\skip58
\units@tall=\skip59
\units@high=\skip60
\header@xpos=\skip61
\c@header@val=\count272
\c@max@header@val=\count273
\curly@box=\box54
\wordlabelr@start=\skip62
\wordlabelr@end=\skip63
\wordlabell@start=\skip64
\wordlabell@end=\skip65
\total@lbox@width=\skip66
\label@box@width=\skip67
\label@box@height=\skip68
\word@label@box=\box55
)
(c:/texlive/2025/texmf-dist/tex/latex/l3backend/l3backend-xetex.def
File: l3backend-xetex.def 2024-05-08 L3 backend support: XeTeX
\g__graphics_track_int=\count274
\l__pdf_internal_box=\box56
\g__pdf_backend_annotation_int=\count275
\g__pdf_backend_link_int=\count276
)
(./risc-v.aux)
\openout1 = `risc-v.aux'.

LaTeX Font Info:    Checking defaults for OML/cmm/m/it on input line 19.
LaTeX Font Info:    ... okay on input line 19.
LaTeX Font Info:    Checking defaults for OMS/cmsy/m/n on input line 19.
LaTeX Font Info:    ... okay on input line 19.
LaTeX Font Info:    Checking defaults for OT1/cmr/m/n on input line 19.
LaTeX Font Info:    ... okay on input line 19.
LaTeX Font Info:    Checking defaults for T1/cmr/m/n on input line 19.
LaTeX Font Info:    ... okay on input line 19.
LaTeX Font Info:    Checking defaults for TS1/cmr/m/n on input line 19.
LaTeX Font Info:    ... okay on input line 19.
LaTeX Font Info:    Checking defaults for TU/lmr/m/n on input line 19.
LaTeX Font Info:    ... okay on input line 19.
LaTeX Font Info:    Checking defaults for OMX/cmex/m/n on input line 19.
LaTeX Font Info:    ... okay on input line 19.
LaTeX Font Info:    Checking defaults for U/cmr/m/n on input line 19.
LaTeX Font Info:    ... okay on input line 19.
\width=\dimen144 (locally)
\height=\dimen145 (locally)
\depth=\dimen146 (locally)
\totalheight=\dimen147 (locally)
LaTeX Font Info:    External font `cmex10' loaded for size
(Font)              <7> on input line 39.
LaTeX Font Info:    External font `cmex10' loaded for size
(Font)              <5> on input line 39.
\width=\dimen144 (locally)
\height=\dimen145 (locally)
\depth=\dimen146 (locally)
\totalheight=\dimen147 (locally)
\width=\dimen144 (locally)
\height=\dimen145 (locally)
\depth=\dimen146 (locally)
\totalheight=\dimen147 (locally)
\width=\dimen144 (locally)
\height=\dimen145 (locally)
\depth=\dimen146 (locally)
\totalheight=\dimen147 (locally)
\width=\dimen144 (locally)
\height=\dimen145 (locally)
\depth=\dimen146 (locally)
\totalheight=\dimen147 (locally)
\width=\dimen144 (locally)
\height=\dimen145 (locally)
\depth=\dimen146 (locally)
\totalheight=\dimen147 (locally)
\width=\dimen144 (locally)
\height=\dimen145 (locally)
\depth=\dimen146 (locally)
\totalheight=\dimen147 (locally)
\width=\dimen144 (locally)
\height=\dimen145 (locally)
\depth=\dimen146 (locally)
\totalheight=\dimen147 (locally)
\width=\dimen144 (locally)
\height=\dimen145 (locally)
\depth=\dimen146 (locally)
\totalheight=\dimen147 (locally)
\width=\dimen144 (locally)
\height=\dimen145 (locally)
\depth=\dimen146 (locally)
\totalheight=\dimen147 (locally)
\width=\dimen144 (locally)
\height=\dimen145 (locally)
\depth=\dimen146 (locally)
\totalheight=\dimen147 (locally)
\width=\dimen144 (locally)
\height=\dimen145 (locally)
\depth=\dimen146 (locally)
\totalheight=\dimen147 (locally)
\width=\dimen144 (locally)
\height=\dimen145 (locally)
\depth=\dimen146 (locally)
\totalheight=\dimen147 (locally)
\width=\dimen144 (locally)
\height=\dimen145 (locally)
\depth=\dimen146 (locally)
\totalheight=\dimen147 (locally)
\width=\dimen144 (locally)
\height=\dimen145 (locally)
\depth=\dimen146 (locally)
\totalheight=\dimen147 (locally)
\width=\dimen144 (locally)
\height=\dimen145 (locally)
\depth=\dimen146 (locally)
\totalheight=\dimen147 (locally)
\width=\dimen144 (locally)
\height=\dimen145 (locally)
\depth=\dimen146 (locally)
\totalheight=\dimen147 (locally)
\width=\dimen144 (locally)
\height=\dimen145 (locally)
\depth=\dimen146 (locally)
\totalheight=\dimen147 (locally)
LaTeX Font Info:    External font `cmex10' loaded for size
(Font)              <12> on input line 65.
LaTeX Font Info:    External font `cmex10' loaded for size
(Font)              <8> on input line 65.
LaTeX Font Info:    External font `cmex10' loaded for size
(Font)              <6> on input line 65.
\width=\dimen144 (locally)
\height=\dimen145 (locally)
\depth=\dimen146 (locally)
\totalheight=\dimen147 (locally)
\width=\dimen144 (locally)
\height=\dimen145 (locally)
\depth=\dimen146 (locally)
\totalheight=\dimen147 (locally)
\width=\dimen144 (locally)
\height=\dimen145 (locally)
\depth=\dimen146 (locally)
\totalheight=\dimen147 (locally)
\width=\dimen144 (locally)
\height=\dimen145 (locally)
\depth=\dimen146 (locally)
\totalheight=\dimen147 (locally)
\width=\dimen144 (locally)
\height=\dimen145 (locally)
\depth=\dimen146 (locally)
\totalheight=\dimen147 (locally)
\width=\dimen144 (locally)
\height=\dimen145 (locally)
\depth=\dimen146 (locally)
\totalheight=\dimen147 (locally)
\width=\dimen144 (locally)
\height=\dimen145 (locally)
\depth=\dimen146 (locally)
\totalheight=\dimen147 (locally)
\width=\dimen144 (locally)
\height=\dimen145 (locally)
\depth=\dimen146 (locally)
\totalheight=\dimen147 (locally)
\width=\dimen144 (locally)
\height=\dimen145 (locally)
\depth=\dimen146 (locally)
\totalheight=\dimen147 (locally)
\width=\dimen144 (locally)
\height=\dimen145 (locally)
\depth=\dimen146 (locally)
\totalheight=\dimen147 (locally)
\width=\dimen144 (locally)
\height=\dimen145 (locally)
\depth=\dimen146 (locally)
\totalheight=\dimen147 (locally)


[1

] (./risc-v.aux)
 ***********
LaTeX2e <2024-11-01> patch level 2
L3 programming layer <2025-01-18>
 ***********
 ) 
Here is how much of TeX's memory you used:
 1427 strings out of 473832
 26092 string characters out of 5733158
 429384 words of memory out of 5000000
 24523 multiletter control sequences out of 15000+600000
 561605 words of font info for 49 fonts, out of 8000000 for 9000
 1348 hyphenation exceptions out of 8191
 57i,13n,71p,196b,482s stack positions out of 10000i,1000n,20000p,200000b,200000s

Output written on risc-v.xdv (1 page, 6052 bytes).
